
J:\claudeai>call "C:\Program Files (x86)\Microsoft Visual Studio\2022\BuildTools\VC\Auxiliary\Build\vcvars64.bat" 
'vswhere.exe' is not recognized as an internal or external command,
operable program or batch file.
**********************************************************************
** Visual Studio 2022 Developer Command Prompt v17.0
** Copyright (c) 2022 Microsoft Corporation
**********************************************************************
[vcvarsall.bat] Environment initialized for: 'x64'
   Compiling proc-macro2 v1.0.106
   Compiling unicode-ident v1.0.24
   Compiling quote v1.0.45
   Compiling cfg-if v1.0.4
   Compiling windows-link v0.2.1
   Compiling autocfg v1.5.0
   Compiling getrandom v0.3.4
   Compiling libm v0.2.16
   Compiling version_check v0.9.5
   Compiling crossbeam-utils v0.8.21
   Compiling once_cell v1.21.4
   Compiling memchr v2.8.0
   Compiling find-msvc-tools v0.1.9
   Compiling shlex v1.3.0
   Compiling windows-sys v0.61.2
   Compiling rayon-core v1.13.0
   Compiling zmij v1.0.21
   Compiling zerocopy v0.8.48
error: linker `lld-link` not found
  |
  = note: program not found

note: the msvc targets depend on the msvc linker but `link.exe` was not found

note: please ensure that Visual Studio 2017 or later, or Build Tools for Visual Studio were installed with the Visual C++ option.

note: VS Code is a different product, and is not sufficient.

   Compiling serde_core v1.0.228
error: could not compile `rayon-core` (build script) due to 1 previous error
warning: build failed, waiting for other jobs to finish...
error: could not compile `zmij` (build script) due to 1 previous error
error: could not compile `quote` (build script) due to 1 previous error
error: could not compile `libm` (build script) due to 1 previous error
error: could not compile `proc-macro2` (build script) due to 1 previous error
error: could not compile `crossbeam-utils` (build script) due to 1 previous error
error: could not compile `getrandom` (build script) due to 1 previous error
error: could not compile `serde_core` (build script) due to 1 previous error
error: could not compile `zerocopy` (build script) due to 1 previous error
